POST SUCCESS!
<!DOCTYPE html><html><head><title>Hasil POST</title></head><body><h1 style='color:green'>POST BERHASIL!</h1><p>Nama: CLI Test</p><p>Pesan: Testing from CLI</p><p>Server berjalan normal. Masalahnya ada di Laravel, bukan di PHP server.</p><p><a href='test_pure_post.html'>Kembali</a></p></body></html>
